
optiboot_atmega328.elf:     file format elf32-avr

Sections:
Idx Name          Size      VMA       LMA       File off  Algn
  0 .data         00000000  00800100  00007fdc  00000270  2**0
                  CONTENTS, ALLOC, LOAD, DATA
  1 .text         000001dc  00007e00  00007e00  00000094  2**1
                  CONTENTS, ALLOC, LOAD, READONLY, CODE
  2 .version      00000002  00007ffe  00007ffe  00000270  2**0
                  CONTENTS, ALLOC, LOAD, READONLY, DATA
  3 .stab         00000cd8  00000000  00000000  00000274  2**2
                  CONTENTS, READONLY, DEBUGGING
  4 .stabstr      00000f3d  00000000  00000000  00000f4c  2**0
                  CONTENTS, READONLY, DEBUGGING
  5 .comment      00000011  00000000  00000000  00001e89  2**0
                  CONTENTS, READONLY

Disassembly of section .text:

00007e00 <pre_main>:
/* everything that needs to run VERY early */
void pre_main(void) {
  // Allow convenient way of calling do_spm function - jump table,
  //   so entry to this function will always be here, indepedent of compilation,
  //   features etc
  asm volatile (
    7e00:	01 c0       	rjmp	.+2      	; 0x7e04 <main>
    7e02:	dc c0       	rjmp	.+440    	; 0x7fbc <do_spm>

00007e04 <main>:
    7e04:	11 24       	eor	r1, r1
    7e06:	84 b7       	in	r24, 0x34	; 52
    7e08:	88 23       	and	r24, r24
    7e0a:	61 f0       	breq	.+24     	; 0x7e24 <main+0x20>
    7e0c:	98 2f       	mov	r25, r24
    7e0e:	9a 70       	andi	r25, 0x0A	; 10
    7e10:	92 30       	cpi	r25, 0x02	; 2
    7e12:	41 f0       	breq	.+16     	; 0x7e24 <main+0x20>
    7e14:	81 ff       	sbrs	r24, 1
    7e16:	02 c0       	rjmp	.+4      	; 0x7e1c <main+0x18>
    7e18:	97 ef       	ldi	r25, 0xF7	; 247
    7e1a:	94 bf       	out	0x34, r25	; 52
    7e1c:	28 2e       	mov	r2, r24
    7e1e:	80 e0       	ldi	r24, 0x00	; 0
    7e20:	b8 d0       	rcall	.+368    	; 0x7f92 <watchdogConfig>
    7e22:	ee c0       	rjmp	.+476    	; 0x8000 <optiboot_version+0x2>
    7e24:	85 e0       	ldi	r24, 0x05	; 5
    7e26:	80 93 81 00 	sts	0x0081, r24	; 0x800081 <__TEXT_REGION_LENGTH__+0x7e0081>
    7e2a:	82 e0       	ldi	r24, 0x02	; 2
    7e2c:	80 93 c0 00 	sts	0x00C0, r24	; 0x8000c0 <__TEXT_REGION_LENGTH__+0x7e00c0>
    7e30:	88 e1       	ldi	r24, 0x18	; 24
    7e32:	80 93 c1 00 	sts	0x00C1, r24	; 0x8000c1 <__TEXT_REGION_LENGTH__+0x7e00c1>
    7e36:	86 e0       	ldi	r24, 0x06	; 6
    7e38:	80 93 c2 00 	sts	0x00C2, r24	; 0x8000c2 <__TEXT_REGION_LENGTH__+0x7e00c2>
    7e3c:	88 e0       	ldi	r24, 0x08	; 8
    7e3e:	80 93 c4 00 	sts	0x00C4, r24	; 0x8000c4 <__TEXT_REGION_LENGTH__+0x7e00c4>
    7e42:	8e e0       	ldi	r24, 0x0E	; 14
    7e44:	a6 d0       	rcall	.+332    	; 0x7f92 <watchdogConfig>
    7e46:	25 9a       	sbi	0x04, 5	; 4
    7e48:	86 e0       	ldi	r24, 0x06	; 6
    7e4a:	28 e1       	ldi	r18, 0x18	; 24
    7e4c:	3e ef       	ldi	r19, 0xFE	; 254
    7e4e:	91 e0       	ldi	r25, 0x01	; 1
    7e50:	30 93 85 00 	sts	0x0085, r19	; 0x800085 <__TEXT_REGION_LENGTH__+0x7e0085>
    7e54:	20 93 84 00 	sts	0x0084, r18	; 0x800084 <__TEXT_REGION_LENGTH__+0x7e0084>
    7e58:	96 bb       	out	0x16, r25	; 22
    7e5a:	b0 9b       	sbis	0x16, 0	; 22
    7e5c:	fe cf       	rjmp	.-4      	; 0x7e5a <main+0x56>
    7e5e:	1d 9a       	sbi	0x03, 5	; 3
    7e60:	a8 95       	wdr
    7e62:	40 91 c0 00 	lds	r20, 0x00C0	; 0x8000c0 <__TEXT_REGION_LENGTH__+0x7e00c0>
    7e66:	47 fd       	sbrc	r20, 7
    7e68:	02 c0       	rjmp	.+4      	; 0x7e6e <main+0x6a>
    7e6a:	81 50       	subi	r24, 0x01	; 1
    7e6c:	89 f7       	brne	.-30     	; 0x7e50 <main+0x4c>
    7e6e:	ee 24       	eor	r14, r14
    7e70:	e3 94       	inc	r14
    7e72:	95 e0       	ldi	r25, 0x05	; 5
    7e74:	d9 2e       	mov	r13, r25
    7e76:	21 e1       	ldi	r18, 0x11	; 17
    7e78:	c2 2e       	mov	r12, r18
    7e7a:	7f d0       	rcall	.+254    	; 0x7f7a <getch>
    7e7c:	81 34       	cpi	r24, 0x41	; 65
    7e7e:	61 f4       	brne	.+24     	; 0x7e98 <main+0x94>
    7e80:	7c d0       	rcall	.+248    	; 0x7f7a <getch>
    7e82:	18 2f       	mov	r17, r24
    7e84:	8c d0       	rcall	.+280    	; 0x7f9e <verifySpace>
    7e86:	12 38       	cpi	r17, 0x82	; 130
    7e88:	e9 f0       	breq	.+58     	; 0x7ec4 <main+0xc0>
    7e8a:	11 38       	cpi	r17, 0x81	; 129
    7e8c:	11 f4       	brne	.+4      	; 0x7e92 <main+0x8e>
    7e8e:	88 e0       	ldi	r24, 0x08	; 8
    7e90:	01 c0       	rjmp	.+2      	; 0x7e94 <main+0x90>
    7e92:	83 e0       	ldi	r24, 0x03	; 3
    7e94:	6b d0       	rcall	.+214    	; 0x7f6c <putch>
    7e96:	67 c0       	rjmp	.+206    	; 0x7f66 <main+0x162>
    7e98:	82 34       	cpi	r24, 0x42	; 66
    7e9a:	11 f4       	brne	.+4      	; 0x7ea0 <main+0x9c>
    7e9c:	84 e1       	ldi	r24, 0x14	; 20
    7e9e:	03 c0       	rjmp	.+6      	; 0x7ea6 <main+0xa2>
    7ea0:	85 34       	cpi	r24, 0x45	; 69
    7ea2:	19 f4       	brne	.+6      	; 0x7eaa <main+0xa6>
    7ea4:	85 e0       	ldi	r24, 0x05	; 5
    7ea6:	83 d0       	rcall	.+262    	; 0x7fae <getNch>
    7ea8:	5e c0       	rjmp	.+188    	; 0x7f66 <main+0x162>
    7eaa:	85 35       	cpi	r24, 0x55	; 85
    7eac:	39 f4       	brne	.+14     	; 0x7ebc <main+0xb8>
    7eae:	65 d0       	rcall	.+202    	; 0x7f7a <getch>
    7eb0:	c8 2f       	mov	r28, r24
    7eb2:	63 d0       	rcall	.+198    	; 0x7f7a <getch>
    7eb4:	d8 2f       	mov	r29, r24
    7eb6:	cc 0f       	add	r28, r28
    7eb8:	dd 1f       	adc	r29, r29
    7eba:	54 c0       	rjmp	.+168    	; 0x7f64 <main+0x160>
    7ebc:	86 35       	cpi	r24, 0x56	; 86
    7ebe:	21 f4       	brne	.+8      	; 0x7ec8 <main+0xc4>
    7ec0:	84 e0       	ldi	r24, 0x04	; 4
    7ec2:	75 d0       	rcall	.+234    	; 0x7fae <getNch>
    7ec4:	80 e0       	ldi	r24, 0x00	; 0
    7ec6:	e6 cf       	rjmp	.-52     	; 0x7e94 <main+0x90>
    7ec8:	84 36       	cpi	r24, 0x64	; 100
    7eca:	09 f0       	breq	.+2      	; 0x7ece <main+0xca>
    7ecc:	2e c0       	rjmp	.+92     	; 0x7f2a <main+0x126>
    7ece:	55 d0       	rcall	.+170    	; 0x7f7a <getch>
    7ed0:	54 d0       	rcall	.+168    	; 0x7f7a <getch>
    7ed2:	f8 2e       	mov	r15, r24
    7ed4:	52 d0       	rcall	.+164    	; 0x7f7a <getch>
    7ed6:	b8 2e       	mov	r11, r24
    7ed8:	00 e0       	ldi	r16, 0x00	; 0
    7eda:	11 e0       	ldi	r17, 0x01	; 1
    7edc:	4e d0       	rcall	.+156    	; 0x7f7a <getch>
    7ede:	f8 01       	movw	r30, r16
    7ee0:	81 93       	st	Z+, r24
    7ee2:	8f 01       	movw	r16, r30
    7ee4:	fe 12       	cpse	r15, r30
    7ee6:	fa cf       	rjmp	.-12     	; 0x7edc <main+0xd8>
    7ee8:	5a d0       	rcall	.+180    	; 0x7f9e <verifySpace>
    7eea:	f5 e4       	ldi	r31, 0x45	; 69
    7eec:	bf 12       	cpse	r11, r31
    7eee:	01 c0       	rjmp	.+2      	; 0x7ef2 <main+0xee>
    7ef0:	ff cf       	rjmp	.-2      	; 0x7ef0 <main+0xec>
    7ef2:	83 e0       	ldi	r24, 0x03	; 3
    7ef4:	fe 01       	movw	r30, r28
    7ef6:	87 bf       	out	0x37, r24	; 55
    7ef8:	e8 95       	spm
    7efa:	07 b6       	in	r0, 0x37	; 55
    7efc:	00 fc       	sbrc	r0, 0
    7efe:	fd cf       	rjmp	.-6      	; 0x7efa <main+0xf6>
    7f00:	a0 e0       	ldi	r26, 0x00	; 0
    7f02:	b1 e0       	ldi	r27, 0x01	; 1
    7f04:	fe 01       	movw	r30, r28
    7f06:	8d 91       	ld	r24, X+
    7f08:	9d 91       	ld	r25, X+
    7f0a:	0c 01       	movw	r0, r24
    7f0c:	e7 be       	out	0x37, r14	; 55
    7f0e:	e8 95       	spm
    7f10:	11 24       	eor	r1, r1
    7f12:	32 96       	adiw	r30, 0x02	; 2
    7f14:	fa 12       	cpse	r15, r26
    7f16:	f7 cf       	rjmp	.-18     	; 0x7f06 <main+0x102>
    7f18:	fe 01       	movw	r30, r28
    7f1a:	d7 be       	out	0x37, r13	; 55
    7f1c:	e8 95       	spm
    7f1e:	07 b6       	in	r0, 0x37	; 55
    7f20:	00 fc       	sbrc	r0, 0
    7f22:	fd cf       	rjmp	.-6      	; 0x7f1e <main+0x11a>
    7f24:	c7 be       	out	0x37, r12	; 55
    7f26:	e8 95       	spm
    7f28:	1e c0       	rjmp	.+60     	; 0x7f66 <main+0x162>
    7f2a:	84 37       	cpi	r24, 0x74	; 116
    7f2c:	71 f4       	brne	.+28     	; 0x7f4a <main+0x146>
    7f2e:	25 d0       	rcall	.+74     	; 0x7f7a <getch>
    7f30:	24 d0       	rcall	.+72     	; 0x7f7a <getch>
    7f32:	f8 2e       	mov	r15, r24
    7f34:	22 d0       	rcall	.+68     	; 0x7f7a <getch>
    7f36:	33 d0       	rcall	.+102    	; 0x7f9e <verifySpace>
    7f38:	8e 01       	movw	r16, r28
    7f3a:	f8 01       	movw	r30, r16
    7f3c:	85 91       	lpm	r24, Z+
    7f3e:	8f 01       	movw	r16, r30
    7f40:	15 d0       	rcall	.+42     	; 0x7f6c <putch>
    7f42:	fa 94       	dec	r15
    7f44:	f1 10       	cpse	r15, r1
    7f46:	f9 cf       	rjmp	.-14     	; 0x7f3a <main+0x136>
    7f48:	0e c0       	rjmp	.+28     	; 0x7f66 <main+0x162>
    7f4a:	85 37       	cpi	r24, 0x75	; 117
    7f4c:	39 f4       	brne	.+14     	; 0x7f5c <main+0x158>
    7f4e:	27 d0       	rcall	.+78     	; 0x7f9e <verifySpace>
    7f50:	8e e1       	ldi	r24, 0x1E	; 30
    7f52:	0c d0       	rcall	.+24     	; 0x7f6c <putch>
    7f54:	85 e9       	ldi	r24, 0x95	; 149
    7f56:	0a d0       	rcall	.+20     	; 0x7f6c <putch>
    7f58:	8f e0       	ldi	r24, 0x0F	; 15
    7f5a:	9c cf       	rjmp	.-200    	; 0x7e94 <main+0x90>
    7f5c:	81 35       	cpi	r24, 0x51	; 81
    7f5e:	11 f4       	brne	.+4      	; 0x7f64 <main+0x160>
    7f60:	88 e0       	ldi	r24, 0x08	; 8
    7f62:	17 d0       	rcall	.+46     	; 0x7f92 <watchdogConfig>
    7f64:	1c d0       	rcall	.+56     	; 0x7f9e <verifySpace>
    7f66:	80 e1       	ldi	r24, 0x10	; 16
    7f68:	01 d0       	rcall	.+2      	; 0x7f6c <putch>
    7f6a:	87 cf       	rjmp	.-242    	; 0x7e7a <main+0x76>

00007f6c <putch>:
}

void putch(char ch) {
#ifndef SOFT_UART
  #ifndef LIN_UART
    while (!(UART_SRA & _BV(UDRE0))) {  /* Spin */ }
    7f6c:	90 91 c0 00 	lds	r25, 0x00C0	; 0x8000c0 <__TEXT_REGION_LENGTH__+0x7e00c0>
    7f70:	95 ff       	sbrs	r25, 5
    7f72:	fc cf       	rjmp	.-8      	; 0x7f6c <putch>
  #else
    while (!(LINSIR & _BV(LTXOK)))   {  /* Spin */ }
  #endif

  UART_UDR = ch;
    7f74:	80 93 c6 00 	sts	0x00C6, r24	; 0x8000c6 <__TEXT_REGION_LENGTH__+0x7e00c6>
    7f78:	08 95       	ret

00007f7a <getch>:
    :
      "r25"
);
#else
#ifndef LIN_UART
  while(!(UART_SRA & _BV(RXC0)))  {  /* Spin */ }
    7f7a:	80 91 c0 00 	lds	r24, 0x00C0	; 0x8000c0 <__TEXT_REGION_LENGTH__+0x7e00c0>
    7f7e:	87 ff       	sbrs	r24, 7
    7f80:	fc cf       	rjmp	.-8      	; 0x7f7a <getch>
  if (!(UART_SRA & _BV(FE0))) {
    7f82:	80 91 c0 00 	lds	r24, 0x00C0	; 0x8000c0 <__TEXT_REGION_LENGTH__+0x7e00c0>
    7f86:	84 fd       	sbrc	r24, 4
    7f88:	01 c0       	rjmp	.+2      	; 0x7f8c <getch+0x12>
}
#endif

// Watchdog functions. These are only safe with interrupts turned off.
void watchdogReset() {
  __asm__ __volatile__ (
    7f8a:	a8 95       	wdr
       * don't care that an invalid char is returned...)
       */
    watchdogReset();
  }

  ch = UART_UDR;
    7f8c:	80 91 c6 00 	lds	r24, 0x00C6	; 0x8000c6 <__TEXT_REGION_LENGTH__+0x7e00c6>
  LED_PIN |= _BV(LED);
#endif
#endif

  return ch;
}
    7f90:	08 95       	ret

00007f92 <watchdogConfig>:
}

void watchdogConfig(uint8_t x) {
#ifdef WDCE //does it have a Watchdog Change Enable?
 #ifdef WDTCSR
  WDTCSR = _BV(WDCE) | _BV(WDE);
    7f92:	e0 e6       	ldi	r30, 0x60	; 96
    7f94:	f0 e0       	ldi	r31, 0x00	; 0
    7f96:	98 e1       	ldi	r25, 0x18	; 24
    7f98:	90 83       	st	Z, r25
#else //then it must be one of those newfangled ones that use CCP
  CCP=0xD8; //so write this magic number to CCP
#endif 

#ifdef WDTCSR
  WDTCSR = x;
    7f9a:	80 83       	st	Z, r24
    7f9c:	08 95       	ret

00007f9e <verifySpace>:
void getNch(uint8_t count) {
  do getch(); while (--count);
  verifySpace();
}

void verifySpace() {
    7f9e:	ed df       	rcall	.-38     	; 0x7f7a <getch>
    7fa0:	80 32       	cpi	r24, 0x20	; 32
    7fa2:	19 f0       	breq	.+6      	; 0x7faa <verifySpace+0xc>
    7fa4:	88 e0       	ldi	r24, 0x08	; 8
    7fa6:	f5 df       	rcall	.-22     	; 0x7f92 <watchdogConfig>
    7fa8:	ff cf       	rjmp	.-2      	; 0x7fa8 <verifySpace+0xa>
    7faa:	84 e1       	ldi	r24, 0x14	; 20
    7fac:	df cf       	rjmp	.-66     	; 0x7f6c <putch>

00007fae <getNch>:
    ::[count] "M" (UART_B_VALUE)
  );
}
#endif

void getNch(uint8_t count) {
    7fae:	cf 93       	push	r28
    7fb0:	c8 2f       	mov	r28, r24
  do getch(); while (--count);
    7fb2:	e3 df       	rcall	.-58     	; 0x7f7a <getch>
    7fb4:	c1 50       	subi	r28, 0x01	; 1
    7fb6:	e9 f7       	brne	.-6      	; 0x7fb2 <getNch+0x4>
  verifySpace();
}
    7fb8:	cf 91       	pop	r28
}
#endif

void getNch(uint8_t count) {
  do getch(); while (--count);
  verifySpace();
    7fba:	f1 cf       	rjmp	.-30     	; 0x7f9e <verifySpace>

00007fbc <do_spm>:
 *   data=0 in WRITE
 */
static void do_spm(uint16_t address, uint8_t command, uint16_t data)  __attribute__ ((used));
static void do_spm(uint16_t address, uint8_t command, uint16_t data) {
    // Do spm stuff
    asm volatile (
    7fbc:	fc 01       	movw	r30, r24
    7fbe:	0a 01       	movw	r0, r20
    7fc0:	67 bf       	out	0x37, r22	; 55
    7fc2:	e8 95       	spm
    7fc4:	11 24       	eor	r1, r1
    );

    // wait for spm to complete
    //   it doesn't have much sense for __BOOT_PAGE_FILL,
    //   but it doesn't hurt and saves some bytes on 'if'
    boot_spm_busy_wait();
    7fc6:	07 b6       	in	r0, 0x37	; 55
    7fc8:	00 fc       	sbrc	r0, 0
    7fca:	fd cf       	rjmp	.-6      	; 0x7fc6 <do_spm+0xa>
#if defined(RWWSRE)
    // this 'if' condition should be: (command == __BOOT_PAGE_WRITE || command == __BOOT_PAGE_ERASE)...
    // but it's tweaked a little assuming that in every command we are interested in here, there
    // must be also SELFPRGEN set. If we skip checking this bit, we save here 4B
    if ((command & (_BV(PGWRT)|_BV(PGERS))) && (data == 0) ) {
    7fcc:	66 70       	andi	r22, 0x06	; 6
    7fce:	29 f0       	breq	.+10     	; 0x7fda <do_spm+0x1e>
    7fd0:	45 2b       	or	r20, r21
    7fd2:	19 f4       	brne	.+6      	; 0x7fda <do_spm+0x1e>
      // Reenable read access to flash
      __boot_rww_enable_short();
    7fd4:	81 e1       	ldi	r24, 0x11	; 17
    7fd6:	87 bf       	out	0x37, r24	; 55
    7fd8:	e8 95       	spm
    7fda:	08 95       	ret
